// Jest Snapshot v1, https://goo.gl/fbAQLP

exports[`<App> matched the snapshot 1`] = `
<div>
   
  <div
    className="overlay"
  >
    <nav
      className="overlay__layer mt-small py-small px-normal has-background-light"
    >
      <a
        aria-current={null}
        className="ml-normal"
        href="/world"
        onClick={[Function]}
      >
        <span>
          World
        </span>
      </a>
      <a
        aria-current={null}
        className="ml-normal"
        href="/finnland"
        onClick={[Function]}
      >
        <span>
          Finnland
        </span>
      </a>
    </nav>
    AppAside
  </div>
   
</div>
`;
