// Jest Snapshot v1, https://goo.gl/fbAQLP

exports[`<App> matched the snapshot 1`] = `
<div
  className="overlay"
>
  <nav
    className="overlay__layer mt-small py-small px-normal has-background-light"
  >
    <a
      aria-current={null}
      className="ml-normal"
      href="/world"
      onClick={[Function]}
    >
      World
    </a>
    <a
      aria-current={null}
      className="ml-normal"
      href="/finnland"
      onClick={[Function]}
    >
      Finnland
    </a>
  </nav>
  <div>
     AppAside 
  </div>
</div>
`;
