// Jest Snapshot v1, https://goo.gl/fbAQLP

exports[`<AppAside> matched the snapshot 1`] = `
<div>
   
  <div
    className="overlay__layer overlay__layer--top-right mt-small"
  >
    <div
      className="py-small pr-large pl-normal has-background-light"
    >
      TrainFilterForm
    </div>
    <div
      className="mt-small py-small pr-large pl-normal has-background-light"
    >
      MapZoomControls
    </div>
    <div
      className="mt-small py-small pr-large pl-normal has-background-light"
    >
      MapCenterLabel
    </div>
  </div>
   
</div>
`;
