// Jest Snapshot v1, https://goo.gl/fbAQLP

exports[`<MapCenterLabel> matched the snapshot 1`] = `
<div>
   
   
  <a
    className="f-row f-ccenter"
    href="http://www.google.com/maps/place/60.1697452,24.9397973"
    rel="noreferrer noopener"
    target="_blank"
  >
    <div
      className="is-size-5 mx-small has-text-weight-semibold"
    >
      <span>
        Lat
      </span>
      : 
      60.17
      ...
    </div>
    <div
      className="is-size-5 mx-small has-text-weight-semibold"
    >
      <span>
        Long
      </span>
      : 
      24.94
      ...
    </div>
  </a>
   
   
</div>
`;
