// Jest Snapshot v1, https://goo.gl/fbAQLP

exports[`<TrainFilterForm> matched the snapshot 1`] = `
<div>
   
   
  <form
    onSubmit={[Function]}
  >
    <div
      className="field has-addons"
    >
      <div
        className="control"
      >
        <input
          className="input"
          name="filter"
          onChange={[Function]}
          placeholder="filter by train number..."
          type="text"
          value=""
        />
      </div>
      <div
        className="control"
      >
        <input
          className="button is-primary"
          type="submit"
          value="apply"
        />
      </div>
    </div>
  </form>
   
   
</div>
`;
